================================================================================
 MODULE A: TRADITIONAL ML BASELINE BENCHMARK (SHARED MODEL)
 Datasets: ['sdn'] | Models: ['lightgbm', 'catboost', 'xgboost'] | Runs: [0, 1, 2, 3, 4, 5, 6, 7, 8, 9] | Quick Check: False
 Early stopping: 15% cuối tập Train (train_tail_by_time) - KHÔNG dùng Val
================================================================================

---> Chuẩn bị dữ liệu cho Dataset: SDN...
     Train: (846524, 34) | Val: (110740, 34) | Test: (233828, 34) | Features: 34
     Train-fit: 719516 hàng | Train-ES: 127008 hàng (648 bước thời gian cuối)
  [RERUN] lightgbm SDN run 0: Không tìm thấy manifest tại D:\Python\A_LuanVan\logs\lightgbm_data_sdn_shared\run_0\manifest.json. Artifact này sinh từ 
  [*] Huấn luyện LIGHTGBM trên SDN [run 0] (Seed 42)...
C:\Users\nguye\AppData\Local\Programs\Python\Python311\Lib\site-packages\lightgbm\sklearn.py:1106: LGBMDeprecationWarning: The argument 'eval_set' is deprecated, use 'eval_X' and 'eval_y' instead.
  eval_set = _validate_eval_set_Xy(eval_set=eval_set, eval_X=eval_X, eval_y=eval_y)
      -> Test MSE=6.237e-3 | MAE=41.499e-3 | Inf Time=1.72 ms | fit 16s
  [RERUN] lightgbm SDN run 1: Không tìm thấy manifest tại D:\Python\A_LuanVan\logs\lightgbm_data_sdn_shared\run_1\manifest.json. Artifact này sinh từ 
  [*] Huấn luyện LIGHTGBM trên SDN [run 1] (Seed 43)...
C:\Users\nguye\AppData\Local\Programs\Python\Python311\Lib\site-packages\lightgbm\sklearn.py:1106: LGBMDeprecationWarning: The argument 'eval_set' is deprecated, use 'eval_X' and 'eval_y' instead.
  eval_set = _validate_eval_set_Xy(eval_set=eval_set, eval_X=eval_X, eval_y=eval_y)
      -> Test MSE=6.328e-3 | MAE=41.081e-3 | Inf Time=1.19 ms | fit 18s
  [RERUN] lightgbm SDN run 2: Không tìm thấy manifest tại D:\Python\A_LuanVan\logs\lightgbm_data_sdn_shared\run_2\manifest.json. Artifact này sinh từ 
  [*] Huấn luyện LIGHTGBM trên SDN [run 2] (Seed 44)...
C:\Users\nguye\AppData\Local\Programs\Python\Python311\Lib\site-packages\lightgbm\sklearn.py:1106: LGBMDeprecationWarning: The argument 'eval_set' is deprecated, use 'eval_X' and 'eval_y' instead.
  eval_set = _validate_eval_set_Xy(eval_set=eval_set, eval_X=eval_X, eval_y=eval_y)
      -> Test MSE=5.861e-3 | MAE=41.014e-3 | Inf Time=2.22 ms | fit 19s
  [RERUN] lightgbm SDN run 3: Không tìm thấy manifest tại D:\Python\A_LuanVan\logs\lightgbm_data_sdn_shared\run_3\manifest.json. Artifact này sinh từ 
  [*] Huấn luyện LIGHTGBM trên SDN [run 3] (Seed 45)...
C:\Users\nguye\AppData\Local\Programs\Python\Python311\Lib\site-packages\lightgbm\sklearn.py:1106: LGBMDeprecationWarning: The argument 'eval_set' is deprecated, use 'eval_X' and 'eval_y' instead.
  eval_set = _validate_eval_set_Xy(eval_set=eval_set, eval_X=eval_X, eval_y=eval_y)
      -> Test MSE=5.009e-3 | MAE=39.887e-3 | Inf Time=1.53 ms | fit 33s
  [RERUN] lightgbm SDN run 4: Không tìm thấy manifest tại D:\Python\A_LuanVan\logs\lightgbm_data_sdn_shared\run_4\manifest.json. Artifact này sinh từ 
  [*] Huấn luyện LIGHTGBM trên SDN [run 4] (Seed 46)...
C:\Users\nguye\AppData\Local\Programs\Python\Python311\Lib\site-packages\lightgbm\sklearn.py:1106: LGBMDeprecationWarning: The argument 'eval_set' is deprecated, use 'eval_X' and 'eval_y' instead.
  eval_set = _validate_eval_set_Xy(eval_set=eval_set, eval_X=eval_X, eval_y=eval_y)
      -> Test MSE=6.196e-3 | MAE=41.335e-3 | Inf Time=6.20 ms | fit 24s
  [RERUN] lightgbm SDN run 5: Không tìm thấy manifest tại D:\Python\A_LuanVan\logs\lightgbm_data_sdn_shared\run_5\manifest.json. Artifact này sinh từ 
  [*] Huấn luyện LIGHTGBM trên SDN [run 5] (Seed 47)...
C:\Users\nguye\AppData\Local\Programs\Python\Python311\Lib\site-packages\lightgbm\sklearn.py:1106: LGBMDeprecationWarning: The argument 'eval_set' is deprecated, use 'eval_X' and 'eval_y' instead.
  eval_set = _validate_eval_set_Xy(eval_set=eval_set, eval_X=eval_X, eval_y=eval_y)
      -> Test MSE=6.908e-3 | MAE=42.232e-3 | Inf Time=2.31 ms | fit 31s
  [RERUN] lightgbm SDN run 6: Không tìm thấy manifest tại D:\Python\A_LuanVan\logs\lightgbm_data_sdn_shared\run_6\manifest.json. Artifact này sinh từ 
  [*] Huấn luyện LIGHTGBM trên SDN [run 6] (Seed 48)...
C:\Users\nguye\AppData\Local\Programs\Python\Python311\Lib\site-packages\lightgbm\sklearn.py:1106: LGBMDeprecationWarning: The argument 'eval_set' is deprecated, use 'eval_X' and 'eval_y' instead.
  eval_set = _validate_eval_set_Xy(eval_set=eval_set, eval_X=eval_X, eval_y=eval_y)
      -> Test MSE=6.435e-3 | MAE=41.872e-3 | Inf Time=2.13 ms | fit 20s
  [RERUN] lightgbm SDN run 7: Không tìm thấy manifest tại D:\Python\A_LuanVan\logs\lightgbm_data_sdn_shared\run_7\manifest.json. Artifact này sinh từ 
  [*] Huấn luyện LIGHTGBM trên SDN [run 7] (Seed 49)...
C:\Users\nguye\AppData\Local\Programs\Python\Python311\Lib\site-packages\lightgbm\sklearn.py:1106: LGBMDeprecationWarning: The argument 'eval_set' is deprecated, use 'eval_X' and 'eval_y' instead.
  eval_set = _validate_eval_set_Xy(eval_set=eval_set, eval_X=eval_X, eval_y=eval_y)
      -> Test MSE=6.126e-3 | MAE=41.133e-3 | Inf Time=1.54 ms | fit 20s
  [RERUN] lightgbm SDN run 8: Không tìm thấy manifest tại D:\Python\A_LuanVan\logs\lightgbm_data_sdn_shared\run_8\manifest.json. Artifact này sinh từ 
  [*] Huấn luyện LIGHTGBM trên SDN [run 8] (Seed 50)...
C:\Users\nguye\AppData\Local\Programs\Python\Python311\Lib\site-packages\lightgbm\sklearn.py:1106: LGBMDeprecationWarning: The argument 'eval_set' is deprecated, use 'eval_X' and 'eval_y' instead.
  eval_set = _validate_eval_set_Xy(eval_set=eval_set, eval_X=eval_X, eval_y=eval_y)
      -> Test MSE=5.199e-3 | MAE=39.920e-3 | Inf Time=1.71 ms | fit 21s
  [RERUN] lightgbm SDN run 9: Không tìm thấy manifest tại D:\Python\A_LuanVan\logs\lightgbm_data_sdn_shared\run_9\manifest.json. Artifact này sinh từ 
  [*] Huấn luyện LIGHTGBM trên SDN [run 9] (Seed 51)...
C:\Users\nguye\AppData\Local\Programs\Python\Python311\Lib\site-packages\lightgbm\sklearn.py:1106: LGBMDeprecationWarning: The argument 'eval_set' is deprecated, use 'eval_X' and 'eval_y' instead.
  eval_set = _validate_eval_set_Xy(eval_set=eval_set, eval_X=eval_X, eval_y=eval_y)
      -> Test MSE=5.489e-3 | MAE=40.495e-3 | Inf Time=2.12 ms | fit 20s
  [RERUN] catboost SDN run 0: Không tìm thấy manifest tại D:\Python\A_LuanVan\logs\catboost_data_sdn_shared\run_0\manifest.json. Artifact này sinh từ 
  [*] Huấn luyện CATBOOST trên SDN [run 0] (Seed 42)...
      -> Test MSE=8.537e-3 | MAE=56.117e-3 | Inf Time=1.79 ms | fit 55s
  [RERUN] catboost SDN run 1: Không tìm thấy manifest tại D:\Python\A_LuanVan\logs\catboost_data_sdn_shared\run_1\manifest.json. Artifact này sinh từ 
  [*] Huấn luyện CATBOOST trên SDN [run 1] (Seed 43)...
      -> Test MSE=8.470e-3 | MAE=55.997e-3 | Inf Time=1.25 ms | fit 53s
  [RERUN] catboost SDN run 2: Không tìm thấy manifest tại D:\Python\A_LuanVan\logs\catboost_data_sdn_shared\run_2\manifest.json. Artifact này sinh từ 
  [*] Huấn luyện CATBOOST trên SDN [run 2] (Seed 44)...
      -> Test MSE=8.457e-3 | MAE=55.954e-3 | Inf Time=2.09 ms | fit 83s
  [RERUN] catboost SDN run 3: Không tìm thấy manifest tại D:\Python\A_LuanVan\logs\catboost_data_sdn_shared\run_3\manifest.json. Artifact này sinh từ 
  [*] Huấn luyện CATBOOST trên SDN [run 3] (Seed 45)...
      -> Test MSE=8.520e-3 | MAE=56.190e-3 | Inf Time=1.54 ms | fit 66s
  [RERUN] catboost SDN run 4: Không tìm thấy manifest tại D:\Python\A_LuanVan\logs\catboost_data_sdn_shared\run_4\manifest.json. Artifact này sinh từ 
  [*] Huấn luyện CATBOOST trên SDN [run 4] (Seed 46)...
      -> Test MSE=8.490e-3 | MAE=55.959e-3 | Inf Time=1.41 ms | fit 53s
  [RERUN] catboost SDN run 5: Không tìm thấy manifest tại D:\Python\A_LuanVan\logs\catboost_data_sdn_shared\run_5\manifest.json. Artifact này sinh từ 
  [*] Huấn luyện CATBOOST trên SDN [run 5] (Seed 47)...
      -> Test MSE=8.481e-3 | MAE=55.999e-3 | Inf Time=0.93 ms | fit 122s
  [RERUN] catboost SDN run 6: Không tìm thấy manifest tại D:\Python\A_LuanVan\logs\catboost_data_sdn_shared\run_6\manifest.json. Artifact này sinh từ 
  [*] Huấn luyện CATBOOST trên SDN [run 6] (Seed 48)...
      -> Test MSE=8.437e-3 | MAE=55.901e-3 | Inf Time=1.23 ms | fit 48s
  [RERUN] catboost SDN run 7: Không tìm thấy manifest tại D:\Python\A_LuanVan\logs\catboost_data_sdn_shared\run_7\manifest.json. Artifact này sinh từ 
  [*] Huấn luyện CATBOOST trên SDN [run 7] (Seed 49)...
      -> Test MSE=8.535e-3 | MAE=56.194e-3 | Inf Time=6.01 ms | fit 67s
  [RERUN] catboost SDN run 8: Không tìm thấy manifest tại D:\Python\A_LuanVan\logs\catboost_data_sdn_shared\run_8\manifest.json. Artifact này sinh từ 
  [*] Huấn luyện CATBOOST trên SDN [run 8] (Seed 50)...
      -> Test MSE=8.488e-3 | MAE=56.095e-3 | Inf Time=1.13 ms | fit 57s
  [RERUN] catboost SDN run 9: Không tìm thấy manifest tại D:\Python\A_LuanVan\logs\catboost_data_sdn_shared\run_9\manifest.json. Artifact này sinh từ 
  [*] Huấn luyện CATBOOST trên SDN [run 9] (Seed 51)...
      -> Test MSE=8.520e-3 | MAE=56.143e-3 | Inf Time=1.74 ms | fit 58s
  [*] Huấn luyện XGBOOST trên SDN [run 0] (Seed 42)...
      -> Test MSE=5.521e-3 | MAE=43.709e-3 | Inf Time=2.57 ms | fit 46s
  [*] Huấn luyện XGBOOST trên SDN [run 1] (Seed 43)...
      -> Test MSE=5.590e-3 | MAE=43.931e-3 | Inf Time=2.55 ms | fit 47s
  [*] Huấn luyện XGBOOST trên SDN [run 2] (Seed 44)...
      -> Test MSE=5.630e-3 | MAE=44.046e-3 | Inf Time=2.72 ms | fit 47s
  [*] Huấn luyện XGBOOST trên SDN [run 3] (Seed 45)...
      -> Test MSE=5.547e-3 | MAE=43.752e-3 | Inf Time=2.63 ms | fit 47s
  [*] Huấn luyện XGBOOST trên SDN [run 4] (Seed 46)...
      -> Test MSE=5.520e-3 | MAE=43.788e-3 | Inf Time=2.88 ms | fit 46s
  [*] Huấn luyện XGBOOST trên SDN [run 5] (Seed 47)...
      -> Test MSE=5.519e-3 | MAE=43.630e-3 | Inf Time=1.89 ms | fit 63s
  [*] Huấn luyện XGBOOST trên SDN [run 6] (Seed 48)...
      -> Test MSE=5.512e-3 | MAE=43.721e-3 | Inf Time=1.67 ms | fit 47s
  [*] Huấn luyện XGBOOST trên SDN [run 7] (Seed 49)...
      -> Test MSE=5.627e-3 | MAE=44.041e-3 | Inf Time=2.57 ms | fit 46s
  [*] Huấn luyện XGBOOST trên SDN [run 8] (Seed 50)...
      -> Test MSE=5.523e-3 | MAE=43.542e-3 | Inf Time=1.95 ms | fit 46s
  [*] Huấn luyện XGBOOST trên SDN [run 9] (Seed 51)...
      -> Test MSE=5.561e-3 | MAE=43.773e-3 | Inf Time=3.01 ms | fit 46s

=======================================================
[*] QUÁN QUÂN NHÁNH TRADITIONAL ML: XGBOOST
    Mean Rank: 8.50 | Avg Inf Time: 2.38 ms
    Đã lưu thông tin quán quân vào: D:\Python\A_LuanVan\results\champion_ml_model.json
=======================================================


BẢNG XẾP HẠNG TRADITIONAL ML (TẬP VALIDATION):
   model  mean_rank  avg_val_mse  avg_inference_time_ms
 xgboost        8.5     0.005313               2.379022
lightgbm       12.5     0.005612               2.231370
catboost       25.5     0.008265               1.538540
